Running tests ...
[1A[KRunning 140 tests in 1 runtime ...
[1A[K[1m[32mRunning 140 tests in 1 runtime ... 37% done[0m
[1A[K[1m[32mRunning 140 tests in 1 runtime ... 77% done[0m
[1A[K[1m[32m140 tests, 622 assertions, 1 runtime ... OK[0m
